[    0.000000] microcode: microcode updated early to revision 0xba, date = 2017-04-09
[    0.000000] Initializing cgroup subsys cpuset
[    0.000000] Initializing cgroup subsys cpu
[    0.000000] Initializing cgroup subsys cpuacct
[    0.000000] Linux version 3.10.0-862.el7.x86_64 (builder@kbuilder.dev.centos.org) (gcc version 4.8.5 20150623 (Red Hat 4.8.5-28) (GCC) ) #1 SMP Fri Apr 20 16:44:24 UTC 2018
[    0.000000] Command line: BOOT_IMAGE=/vmlinuz-3.10.0-862.el7.x86_64 root=/dev/mapper/centos-root ro crashkernel=auto rd.lvm.lv=centos/root rd.lvm.lv=centos/swap rhgb quiet LANG=en_US.UTF-8
[    0.000000] e820: BIOS-provided physical RAM map:
[    0.000000] BIOS-e820: [mem 0x0000000000000000-0x0000000000093fff] usable
[    0.000000] BIOS-e820: [mem 0x0000000000094000-0x000000000009ffff] reserved
[    0.000000] BIOS-e820: [mem 0x00000000000e0000-0x00000000000fffff] reserved
[    0.000000] BIOS-e820: [mem 0x0000000000100000-0x000000007745cfff] usable
[    0.000000] BIOS-e820: [mem 0x000000007745d000-0x000000007745dfff] ACPI NVS
[    0.000000] BIOS-e820: [mem 0x000000007745e000-0x000000007a6defff] usable
[    0.000000] BIOS-e820: [mem 0x000000007a6df000-0x000000007bf69fff] reserved
[    0.000000] BIOS-e820: [mem 0x000000007bf6a000-0x000000007bf99fff] ACPI NVS
[    0.000000] BIOS-e820: [mem 0x000000007bf9a000-0x000000007bfebfff] ACPI data
[    0.000000] BIOS-e820: [mem 0x000000007bfec000-0x000000007bffffff] usable
[    0.000000] BIOS-e820: [mem 0x000000007c000000-0x00000000fe7fffff] reserved
[    0.000000] BIOS-e820: [mem 0x00000000fec00000-0x00000000fec00fff] reserved
[    0.000000] BIOS-e820: [mem 0x00000000fed00000-0x00000000fed00fff] reserved
[    0.000000] BIOS-e820: [mem 0x00000000fed10000-0x00000000fed19fff] reserved
[    0.000000] BIOS-e820: [mem 0x00000000fed84000-0x00000000fed84fff] reserved
[    0.000000] BIOS-e820: [mem 0x00000000fee00000-0x00000000fee00fff] reserved
[    0.000000] BIOS-e820: [mem 0x00000000ff800000-0x00000000ffffffff] reserved
[    0.000000] BIOS-e820: [mem 0x0000000100000000-0x000000047fffffff] usable
[    0.000000] NX (Execute Disable) protection: active
[    0.000000] SMBIOS 2.8 present.
[    0.000000] DMI: HP ProLiant DL20 Gen9/ProLiant DL20 Gen9, BIOS U22 02/21/2017
[    0.000000] e820: update [mem 0x00000000-0x00000fff] usable ==> reserved
[    0.000000] e820: remove [mem 0x000a0000-0x000fffff] usable
[    0.000000] e820: last_pfn = 0x480000 max_arch_pfn = 0x400000000
[    0.000000] MTRR default type: write-back
[    0.000000] MTRR fixed ranges enabled:
[    0.000000]   00000-9FFFF write-back
[    0.000000]   A0000-BFFFF uncachable
[    0.000000]   C0000-FFFFF write-through
[    0.000000] MTRR variable ranges enabled:
[    0.000000]   0 base 0080000000 mask 7F80000000 uncachable
[    0.000000]   1 base 2000000000 mask 7000000000 uncachable
[    0.000000]   2 disabled
[    0.000000]   3 disabled
[    0.000000]   4 disabled
[    0.000000]   5 disabled
[    0.000000]   6 disabled
[    0.000000]   7 disabled
[    0.000000]   8 disabled
[    0.000000]   9 disabled
[    0.000000] PAT configuration [0-7]: WB  WC  UC- UC  WB  WP  UC- UC  
[    0.000000] e820: last_pfn = 0x7c000 max_arch_pfn = 0x400000000
[    0.000000] Base memory trampoline at [ffff96110008e000] 8e000 size 24576
[    0.000000] Using GB pages for direct mapping
[    0.000000] BRK [0x192c2e000, 0x192c2efff] PGTABLE
[    0.000000] BRK [0x192c2f000, 0x192c2ffff] PGTABLE
[    0.000000] BRK [0x192c30000, 0x192c30fff] PGTABLE
[    0.000000] BRK [0x192c31000, 0x192c31fff] PGTABLE
[    0.000000] BRK [0x192c32000, 0x192c32fff] PGTABLE
[    0.000000] BRK [0x192c33000, 0x192c33fff] PGTABLE
[    0.000000] BRK [0x192c34000, 0x192c34fff] PGTABLE
[    0.000000] BRK [0x192c35000, 0x192c35fff] PGTABLE
[    0.000000] RAMDISK: [mem 0x356b5000-0x36b52fff]
[    0.000000] Early table checksum verification disabled
[    0.000000] ACPI: RSDP 00000000000f4f00 00024 (v02 HP    )
[    0.000000] ACPI: XSDT 000000007bfea0e8 000C4 (v01 HP     ProLiant 00000001      01000013)
[    0.000000] ACPI: FACP 000000007bfe4000 0010C (v05 HP     ProLiant 00000001 HP   00000001)
[    0.000000] ACPI: DSDT 000000007bfd6000 021CB (v02 HP     DSDT     00000002 HPAG 00020000)
[    0.000000] ACPI: FACS 000000007bf91000 00040
[    0.000000] ACPI: SSDT 000000007bfe9000 0003A (v01 HP     PLATOPRG 00000001 INTL 20141107)
[    0.000000] ACPI: HEST 000000007bfe8000 000A8 (v01 HP     ProLiant 00000001 INTL 00000001)
[    0.000000] ACPI: BERT 000000007bfe7000 00030 (v01 HP     ProLiant 00000001 INTL 00000001)
[    0.000000] ACPI: ERST 000000007bfe6000 00230 (v01 HP     ProLiant 00000001 INTL 00000001)
[    0.000000] ACPI: EINJ 000000007bfe5000 00130 (v01 HP     ProLiant 00000001 INTL 00000001)
[    0.000000] ACPI: HPET 000000007bfe3000 00038 (v01 HP     ProLiant 00000001 HP   00000001)
[    0.000000] ACPI: WDDT 000000007bfe2000 00040 (v01 HP     ProLiant 00000001 HP   00000001)
[    0.000000] ACPI: APIC 000000007bfe1000 00132 (v03 HP     ProLiant 00000001 HP   00000001)
[    0.000000] ACPI: MCFG 000000007bfe0000 0003C (v01 HP     ProLiant 00000001 HP   00000001)
[    0.000000] ACPI: SLIT 000000007bfdf000 0002D (v01 HP     ProLiant 00000001 HP   00000001)
[    0.000000] ACPI: SRAT 000000007bfde000 00208 (v03 HP     ProLiant 00000001 HP   00000001)
[    0.000000] ACPI: SPMI 000000007bfdd000 00041 (v05 HP     ProLiant 00000001 HP   00000001)
[    0.000000] ACPI: RASF 000000007bfdc000 00030 (v01 HP     ProLiant 00000001 HP   00000001)
[    0.000000] ACPI: SPCR 000000007bfdb000 00050 (v01 HP     ProLiant 00000001 HP   00000001)
[    0.000000] ACPI: BDAT 000000007bfda000 00030 (v01 HP     ProLiant 00000001 HP   00000001)
[    0.000000] ACPI: PCCT 000000007bfd9000 0006E (v01 HP     ProLiant 00000001 HP   00000001)
[    0.000000] ACPI: SSDT 000000007bfd1000 04CC3 (v02 HP     PCISSDT  00000002 HPAG 00020000)
[    0.000000] ACPI: SSDT 000000007bfd0000 001CB (v02 HP     TIMESSDT 00000002 HPAG 00020000)
[    0.000000] ACPI: SSDT 000000007bfcf000 002F2 (v01 HP         pmab 00000001 INTL 20141107)
[    0.000000] ACPI: Local APIC address 0xfee00000
[    0.000000] SRAT: PXM 0 -> APIC 0x0000 -> Node 0
[    0.000000] SRAT: PXM 0 -> APIC 0x0002 -> Node 0
[    0.000000] SRAT: PXM 0 -> APIC 0x0004 -> Node 0
[    0.000000] SRAT: PXM 0 -> APIC 0x0006 -> Node 0
[    0.000000] SRAT: PXM 0 -> APIC 0x0001 -> Node 0
[    0.000000] SRAT: PXM 0 -> APIC 0x0003 -> Node 0
[    0.000000] SRAT: PXM 0 -> APIC 0x0005 -> Node 0
[    0.000000] SRAT: PXM 0 -> APIC 0x0007 -> Node 0
[    0.000000] SRAT: Node 0 PXM 0 [mem 0x4a615000-0x7bffffff]
[    0.000000] SRAT: Node 0 PXM 0 [mem 0x00000000-0x0009ffff]
[    0.000000] SRAT: Node 0 PXM 0 [mem 0x00100000-0x4a614fff]
[    0.000000] SRAT: Node 0 PXM 0 [mem 0x100000000-0x1ffffffff]
[    0.000000] SRAT: Node 0 PXM 0 [mem 0x200000000-0x2ffffffff]
[    0.000000] SRAT: Node 0 PXM 0 [mem 0x300000000-0x3ffffffff]
[    0.000000] SRAT: Node 0 PXM 0 [mem 0x400000000-0x47fffffff]
[    0.000000] NUMA: Initialized distance table, cnt=1
[    0.000000] NUMA: Node 0 [mem 0x4a615000-0x7bffffff] + [mem 0x00000000-0x0009ffff] -> [mem 0x00000000-0x7bffffff]
[    0.000000] NUMA: Warning: node 0 [mem 0x00000000-0x7bffffff] overlaps with itself [mem 0x00100000-0x4a614fff]
[    0.000000] NUMA: Node 0 [mem 0x00000000-0x7bffffff] + [mem 0x00100000-0x4a614fff] -> [mem 0x00000000-0x7bffffff]
[    0.000000] NUMA: Node 0 [mem 0x00000000-0x7bffffff] + [mem 0x100000000-0x1ffffffff] -> [mem 0x00000000-0x1ffffffff]
[    0.000000] NUMA: Node 0 [mem 0x00000000-0x1ffffffff] + [mem 0x200000000-0x2ffffffff] -> [mem 0x00000000-0x2ffffffff]
[    0.000000] NUMA: Node 0 [mem 0x00000000-0x2ffffffff] + [mem 0x300000000-0x3ffffffff] -> [mem 0x00000000-0x3ffffffff]
[    0.000000] NUMA: Node 0 [mem 0x00000000-0x3ffffffff] + [mem 0x400000000-0x47fffffff] -> [mem 0x00000000-0x47fffffff]
[    0.000000] NODE_DATA(0) allocated [mem 0x47ffd8000-0x47fffefff]
[    0.000000] Reserving 161MB of memory at 688MB for crashkernel (System RAM: 16294MB)
[    0.000000] Zone ranges:
[    0.000000]   DMA      [mem 0x00001000-0x00ffffff]
[    0.000000]   DMA32    [mem 0x01000000-0xffffffff]
[    0.000000]   Normal   [mem 0x100000000-0x47fffffff]
[    0.000000] Movable zone start for each node
[    0.000000] Early memory node ranges
[    0.000000]   node   0: [mem 0x00001000-0x00093fff]
[    0.000000]   node   0: [mem 0x00100000-0x7745cfff]
[    0.000000]   node   0: [mem 0x7745e000-0x7a6defff]
[    0.000000]   node   0: [mem 0x7bfec000-0x7bffffff]
[    0.000000]   node   0: [mem 0x100000000-0x47fffffff]
[    0.000000] Initmem setup node 0 [mem 0x00001000-0x47fffffff]
[    0.000000] On node 0 totalpages: 4171397
[    0.000000]   DMA zone: 64 pages used for memmap
[    0.000000]   DMA zone: 21 pages reserved
[    0.000000]   DMA zone: 3987 pages, LIFO batch:0
[    0.000000]   DMA32 zone: 7772 pages used for memmap
[    0.000000]   DMA32 zone: 497394 pages, LIFO batch:31
[    0.000000]   Normal zone: 57344 pages used for memmap
[    0.000000]   Normal zone: 3670016 pages, LIFO batch:31
[    0.000000] ACPI: PM-Timer IO Port: 0x408
[    0.000000] ACPI: Local APIC address 0xfee00000
[    0.000000] ACPI: X2APIC (apic_id[0x00] uid[0x00] enabled)
[    0.000000] ACPI: X2APIC (apic_id[0x02] uid[0x02] enabled)
[    0.000000] ACPI: X2APIC (apic_id[0x04] uid[0x04] enabled)
[    0.000000] ACPI: X2APIC (apic_id[0x06] uid[0x06] enabled)
[    0.000000] ACPI: X2APIC (apic_id[0x01] uid[0x01] enabled)
[    0.000000] ACPI: X2APIC (apic_id[0x03] uid[0x03] enabled)
[    0.000000] ACPI: X2APIC (apic_id[0x05] uid[0x05] enabled)
[    0.000000] ACPI: X2APIC (apic_id[0x07] uid[0x07] enabled)
[    0.000000] ACPI: X2APIC_NMI (uid[0x00] high edge lint[0x1])
[    0.000000] ACPI: X2APIC_NMI (uid[0x01] high edge lint[0x1])
[    0.000000] ACPI: X2APIC_NMI (uid[0x02] high edge lint[0x1])
[    0.000000] ACPI: X2APIC_NMI (uid[0x03] high edge lint[0x1])
[    0.000000] ACPI: X2APIC_NMI (uid[0x04] high edge lint[0x1])
[    0.000000] ACPI: X2APIC_NMI (uid[0x05] high edge lint[0x1])
[    0.000000] ACPI: X2APIC_NMI (uid[0x06] high edge lint[0x1])
[    0.000000] ACPI: X2APIC_NMI (uid[0x07] high edge lint[0x1])
[    0.000000] ACPI: LAPIC_NMI (acpi_id[0xff] high edge lint[0x1])
[    0.000000] ACPI: IOAPIC (id[0x02] address[0xfec00000] gsi_base[0])
[    0.000000] IOAPIC[0]: apic_id 2, version 32, address 0xfec00000, GSI 0-23
[    0.000000] ACPI: INT_SRC_OVR (bus 0 bus_irq 0 global_irq 2 dfl dfl)
[    0.000000] ACPI: INT_SRC_OVR (bus 0 bus_irq 9 global_irq 9 high level)
[    0.000000] ACPI: IRQ0 used by override.
[    0.000000] ACPI: IRQ9 used by override.
[    0.000000] Using ACPI (MADT) for SMP configuration information
[    0.000000] ACPI: HPET id: 0x8086a801 base: 0xfed00000
[    0.000000] smpboot: Allowing 8 CPUs, 0 hotplug CPUs
[    0.000000] PM: Registered nosave memory: [mem 0x00094000-0x0009ffff]
[    0.000000] PM: Registered nosave memory: [mem 0x000a0000-0x000dffff]
[    0.000000] PM: Registered nosave memory: [mem 0x000e0000-0x000fffff]
[    0.000000] PM: Registered nosave memory: [mem 0x7745d000-0x7745dfff]
[    0.000000] PM: Registered nosave memory: [mem 0x7a6df000-0x7bf69fff]
[    0.000000] PM: Registered nosave memory: [mem 0x7bf6a000-0x7bf99fff]
[    0.000000] PM: Registered nosave memory: [mem 0x7bf9a000-0x7bfebfff]
[    0.000000] PM: Registered nosave memory: [mem 0x7c000000-0xfe7fffff]
[    0.000000] PM: Registered nosave memory: [mem 0xfe800000-0xfebfffff]
[    0.000000] PM: Registered nosave memory: [mem 0xfec00000-0xfec00fff]
[    0.000000] PM: Registered nosave memory: [mem 0xfec01000-0xfecfffff]
[    0.000000] PM: Registered nosave memory: [mem 0xfed00000-0xfed00fff]
[    0.000000] PM: Registered nosave memory: [mem 0xfed01000-0xfed0ffff]
[    0.000000] PM: Registered nosave memory: [mem 0xfed10000-0xfed19fff]
[    0.000000] PM: Registered nosave memory: [mem 0xfed1a000-0xfed83fff]
[    0.000000] PM: Registered nosave memory: [mem 0xfed84000-0xfed84fff]
[    0.000000] PM: Registered nosave memory: [mem 0xfed85000-0xfedfffff]
[    0.000000] PM: Registered nosave memory: [mem 0xfee00000-0xfee00fff]
[    0.000000] PM: Registered nosave memory: [mem 0xfee01000-0xff7fffff]
[    0.000000] PM: Registered nosave memory: [mem 0xff800000-0xffffffff]
[    0.000000] e820: [mem 0xfee01000-0xff7fffff] available for PCI devices
[    0.000000] Booting paravirtualized kernel on bare hardware
[    0.000000] setup_percpu: NR_CPUS:5120 nr_cpumask_bits:8 nr_cpu_ids:8 nr_node_ids:1
[    0.000000] PERCPU: Embedded 35 pages/cpu @ffff96157fc00000 s104856 r8192 d30312 u262144
[    0.000000] pcpu-alloc: s104856 r8192 d30312 u262144 alloc=1*2097152
[    0.000000] pcpu-alloc: [0] 0 1 2 3 4 5 6 7 
[    0.000000] Built 1 zonelists in Zone order, mobility grouping on.  Total pages: 4106196
[    0.000000] Policy zone: Normal
[    0.000000] Kernel command line: BOOT_IMAGE=/vmlinuz-3.10.0-862.el7.x86_64 root=/dev/mapper/centos-root ro crashkernel=auto rd.lvm.lv=centos/root rd.lvm.lv=centos/swap rhgb quiet LANG=en_US.UTF-8
[    0.000000] PID hash table entries: 4096 (order: 3, 32768 bytes)
[    0.000000] x86/fpu: xstate_offset[2]: 0240, xstate_sizes[2]: 0100
[    0.000000] x86/fpu: xstate_offset[3]: 03c0, xstate_sizes[3]: 0040
[    0.000000] x86/fpu: xstate_offset[4]: 0400, xstate_sizes[4]: 0040
[    0.000000] xsave: enabled xstate_bv 0x1f, cntxt size 0x440 using standard form
[    0.000000] Memory: 3851048k/18874368k available (7324k kernel code, 2188780k absent, 534456k reserved, 6305k data, 1832k init)
[    0.000000] SLUB: HWalign=64, Order=0-3, MinObjects=0, CPUs=8, Nodes=1
[    0.000000] x86/pti: Unmapping kernel while in userspace
[    0.000000] Hierarchical RCU implementation.
[    0.000000] 	RCU restricting CPUs from NR_CPUS=5120 to nr_cpu_ids=8.
[    0.000000] NR_IRQS:327936 nr_irqs:488 0
[    0.000000] Console: colour VGA+ 80x25
[    0.000000] console [tty0] enabled
[    0.000000] allocated 67108864 bytes of page_cgroup
[    0.000000] please try 'cgroup_disable=memory' option if you don't want memory cgroups
[    0.000000] hpet clockevent registered
[    0.000000] tsc: Detected 3400.000 MHz processor
[    0.000090] Calibrating delay loop (skipped), value calculated using timer frequency.. 6816.00 BogoMIPS (lpj=3408000)
[    0.000097] pid_max: default: 32768 minimum: 301
[    0.000149] Security Framework initialized
[    0.000164] SELinux:  Initializing.
[    0.000179] SELinux:  Starting in permissive mode
[    0.000182] Yama: becoming mindful.
[    0.003374] Dentry cache hash table entries: 2097152 (order: 12, 16777216 bytes)
[    0.012188] Inode-cache hash table entries: 1048576 (order: 11, 8388608 bytes)
[    0.015636] Mount-cache hash table entries: 32768 (order: 6, 262144 bytes)
[    0.015688] Mountpoint-cache hash table entries: 32768 (order: 6, 262144 bytes)
[    0.016280] Initializing cgroup subsys memory
[    0.016298] Initializing cgroup subsys devices
[    0.016301] Initializing cgroup subsys freezer
[    0.016304] Initializing cgroup subsys net_cls
[    0.016307] Initializing cgroup subsys blkio
[    0.016310] Initializing cgroup subsys perf_event
[    0.016314] Initializing cgroup subsys hugetlb
[    0.016317] Initializing cgroup subsys pids
[    0.016320] Initializing cgroup subsys net_prio
[    0.016381] CPU: Physical Processor ID: 0
[    0.016384] CPU: Processor Core ID: 0
[    0.016396] ENERGY_PERF_BIAS: Set to 'normal', was 'performance'
[    0.016399] ENERGY_PERF_BIAS: View and update with x86_energy_perf_policy(8)
[    0.018876] mce: CPU supports 10 MCE banks
[    0.018900] CPU0: Thermal monitoring enabled (TM1)
[    0.018991] Last level iTLB entries: 4KB 0, 2MB 0, 4MB 0
[    0.018994] Last level dTLB entries: 4KB 64, 2MB 0, 4MB 0
[    0.018996] tlb_flushall_shift: 6
[    0.018998] FEATURE SPEC_CTRL Not Present
[    0.019000] FEATURE IBPB_SUPPORT Not Present
[    0.019346] Spectre V2 : Vulnerable: Retpoline without IBPB
[    0.021161] Freeing SMP alternatives: 24k freed
[    0.026079] ACPI: Core revision 20130517
[    0.035774] ACPI: All ACPI Tables successfully acquired
[    0.036140] ftrace: allocating 28047 entries in 110 pages
[    0.118092] IRQ remapping doesn't support X2APIC mode, disable x2apic.
[    0.119269] ..TIMER: vector=0x30 apic1=0 pin1=2 apic2=-1 pin2=-1
[    0.129276] smpboot: CPU0: Intel(R) Xeon(R) CPU E3-1230 v5 @ 3.40GHz (fam: 06, model: 5e, stepping: 03)
[    0.129304] TSC deadline timer enabled
[    0.129328] Performance Events: PEBS fmt3+, 32-deep LBR, Skylake events, full-width counters, Broken BIOS detected, complain to your hardware vendor.
[    0.129346] [Firmware Bug]: the BIOS has corrupted hw-PMU resources (MSR 38d is 330)
[    0.129487] Intel PMU driver.
[    0.129493] ... version:                4
[    0.129497] ... bit width:              48
[    0.129500] ... generic registers:      4
[    0.129503] ... value mask:             0000ffffffffffff
[    0.129507] ... max period:             00007fffffffffff
[    0.129510] ... fixed-purpose events:   3
[    0.129513] ... event mask:             000000070000000f
[    0.141361] NMI watchdog: enabled on all CPUs, permanently consumes one hw-PMU counter.
[    0.133148] smpboot: Booting Node   0, Processors  #1 #2 #3 #4 #5 #6 #7 OK
[    0.166729] Brought up 8 CPUs
[    0.166731] smpboot: Max logical packages: 1
[    0.166733] smpboot: Total of 8 processors activated (54528.00 BogoMIPS)
[    0.210190] node 0 initialised, 3075021 pages in 37ms
[    0.210300] devtmpfs: initialized
[    0.213164] EVM: security.selinux
[    0.213165] EVM: security.ima
[    0.213166] EVM: security.capability
[    0.213213] PM: Registering ACPI NVS region [mem 0x7745d000-0x7745dfff] (4096 bytes)
[    0.213214] PM: Registering ACPI NVS region [mem 0x7bf6a000-0x7bf99fff] (196608 bytes)
[    0.213983] atomic64 test passed for x86-64 platform with CX8 and with SSE
[    0.213985] pinctrl core: initialized pinctrl subsystem
[    0.214091] RTC time:  1:55:25, date: 11/05/21
[    0.214148] NET: Registered protocol family 16
[    0.214274] ACPI FADT declares the system doesn't support PCIe ASPM, so disable it
[    0.214275] ACPI: bus type PCI registered
[    0.214276] acpiphp: ACPI Hot Plug PCI Controller Driver version: 0.5
[    0.214334] PCI: MMCONFIG for domain 0000 [bus 00-ff] at [mem 0x80000000-0x8fffffff] (base 0x80000000)
[    0.214336] PCI: MMCONFIG at [mem 0x80000000-0x8fffffff] reserved in E820
[    0.214341] PCI: Using configuration type 1 for base access
[    0.225393] ACPI: Added _OSI(Module Device)
[    0.225394] ACPI: Added _OSI(Processor Device)
[    0.225395] ACPI: Added _OSI(3.0 _SCP Extensions)
[    0.225396] ACPI: Added _OSI(Processor Aggregator Device)
[    0.226156] ACPI: EC: Look up EC in DSDT
[    0.233217] ACPI: Interpreter enabled
[    0.233223] ACPI: (supports S0 S5)
[    0.233224] ACPI: Using IOAPIC for interrupt routing
[    0.233252] HEST: Table parsing has been initialized.
[    0.233253] PCI: Using host bridge windows from ACPI; if necessary, use "pci=nocrs" and report a bug
[    0.233285] ACPI: Enabled 1 GPEs in block 00 to 77
[    0.234413] ACPI: Power Resource [P1PR] (off)
[    0.239324] ACPI: PCI Root Bridge [PCI0] (domain 0000 [bus 00-ff])
[    0.239328] acpi PNP0A08:00: _OSC: OS supports [ExtendedConfig ASPM ClockPM Segments MSI]
[    0.239393] acpi PNP0A08:00: _OSC: platform does not support [AER]
[    0.239447] acpi PNP0A08:00: _OSC: OS now controls [PCIeHotplug PME PCIeCapability]
[    0.239448] acpi PNP0A08:00: FADT indicates ASPM is unsupported, using BIOS configuration
[    0.239609] PCI host bridge to bus 0000:00
[    0.239611] pci_bus 0000:00: root bus resource [bus 00-ff]
[    0.239612] pci_bus 0000:00: root bus resource [io  0x0000-0x0cf7 window]
[    0.239614] pci_bus 0000:00: root bus resource [io  0x0d00-0xffff window]
[    0.239615] pci_bus 0000:00: root bus resource [mem 0x000a0000-0x000bffff window]
[    0.239616] pci_bus 0000:00: root bus resource [mem 0x000c0000-0x000c3fff window]
[    0.239618] pci_bus 0000:00: root bus resource [mem 0x000c4000-0x000c7fff window]
[    0.239619] pci_bus 0000:00: root bus resource [mem 0x000c8000-0x000cbfff window]
[    0.239620] pci_bus 0000:00: root bus resource [mem 0x000cc000-0x000cffff window]
[    0.239622] pci_bus 0000:00: root bus resource [mem 0x000d0000-0x000d3fff window]
[    0.239623] pci_bus 0000:00: root bus resource [mem 0x000d4000-0x000d7fff window]
[    0.239624] pci_bus 0000:00: root bus resource [mem 0x000d8000-0x000dbfff window]
[    0.239625] pci_bus 0000:00: root bus resource [mem 0x000dc000-0x000dffff window]
[    0.239627] pci_bus 0000:00: root bus resource [mem 0x000e0000-0x000e3fff window]
[    0.239628] pci_bus 0000:00: root bus resource [mem 0x000e4000-0x000e7fff window]
[    0.239629] pci_bus 0000:00: root bus resource [mem 0x000e8000-0x000ebfff window]
[    0.239630] pci_bus 0000:00: root bus resource [mem 0x000ec000-0x000effff window]
[    0.239632] pci_bus 0000:00: root bus resource [mem 0x000f0000-0x000fffff window]
[    0.239633] pci_bus 0000:00: root bus resource [mem 0x80000000-0xfeafffff window]
[    0.239634] pci_bus 0000:00: root bus resource [mem 0x2000000000-0x2fffffffff window]
[    0.239641] pci 0000:00:00.0: [8086:1918] type 00 class 0x060000
[    0.239783] pci 0000:00:14.0: [8086:a12f] type 00 class 0x0c0330
[    0.239799] pci 0000:00:14.0: reg 0x10: [mem 0x2ffff00000-0x2ffff0ffff 64bit]
[    0.239855] pci 0000:00:14.0: PME# supported from D3hot D3cold
[    0.239939] pci 0000:00:16.0: [8086:a13a] type 00 class 0x078000
[    0.239960] pci 0000:00:16.0: reg 0x10: [mem 0x2ffff11000-0x2ffff11fff 64bit]
[    0.240035] pci 0000:00:16.0: PME# supported from D3hot
[    0.240112] pci 0000:00:17.0: [8086:a102] type 00 class 0x010601
[    0.240124] pci 0000:00:17.0: reg 0x10: [mem 0x92c80000-0x92c87fff]
[    0.240130] pci 0000:00:17.0: reg 0x14: [mem 0x92c8c000-0x92c8c0ff]
[    0.240137] pci 0000:00:17.0: reg 0x18: [io  0x2040-0x2047]
[    0.240143] pci 0000:00:17.0: reg 0x1c: [io  0x2048-0x204b]
[    0.240149] pci 0000:00:17.0: reg 0x20: [io  0x2020-0x203f]
[    0.240156] pci 0000:00:17.0: reg 0x24: [mem 0x92c00000-0x92c7ffff]
[    0.240189] pci 0000:00:17.0: PME# supported from D3hot
[    0.240269] pci 0000:00:1d.0: [8086:a118] type 01 class 0x060400
[    0.240319] pci 0000:00:1d.0: PME# supported from D0 D3hot D3cold
[    0.240380] pci 0000:00:1d.2: [8086:a11a] type 01 class 0x060400
[    0.240430] pci 0000:00:1d.2: PME# supported from D0 D3hot D3cold
[    0.240460] pci 0000:00:1d.2: System wakeup disabled by ACPI
[    0.240513] pci 0000:00:1f.0: [8086:a14a] type 00 class 0x060100
[    0.240659] pci 0000:00:1f.2: [8086:a121] type 00 class 0x058000
[    0.240669] pci 0000:00:1f.2: reg 0x10: [mem 0x92c88000-0x92c8bfff]
[    0.240774] pci 0000:00:1f.4: [8086:a123] type 00 class 0x0c0500
[    0.240821] pci 0000:00:1f.4: reg 0x10: [mem 0x2ffff10000-0x2ffff100ff 64bit]
[    0.240890] pci 0000:00:1f.4: reg 0x20: [io  0xefa0-0xefbf]
[    0.241060] pci 0000:01:00.0: [103c:3306] type 00 class 0x088000
[    0.241080] pci 0000:01:00.0: reg 0x10: [io  0x1200-0x12ff]
[    0.241091] pci 0000:01:00.0: reg 0x14: [mem 0x92a8d000-0x92a8d1ff]
[    0.241101] pci 0000:01:00.0: reg 0x18: [io  0x1100-0x11ff]
[    0.241254] pci 0000:01:00.1: [102b:0533] type 00 class 0x030000
[    0.241273] pci 0000:01:00.1: reg 0x10: [mem 0x91000000-0x91ffffff pref]
[    0.241285] pci 0000:01:00.1: reg 0x14: [mem 0x92a88000-0x92a8bfff]
[    0.241295] pci 0000:01:00.1: reg 0x18: [mem 0x92000000-0x927fffff]
[    0.241443] pci 0000:01:00.2: [103c:3307] type 00 class 0x088000
[    0.241462] pci 0000:01:00.2: reg 0x10: [io  0x1000-0x10ff]
[    0.241472] pci 0000:01:00.2: reg 0x14: [mem 0x92a8c000-0x92a8c0ff]
[    0.241483] pci 0000:01:00.2: reg 0x18: [mem 0x92900000-0x929fffff]
[    0.241494] pci 0000:01:00.2: reg 0x1c: [mem 0x92a00000-0x92a7ffff]
[    0.241505] pci 0000:01:00.2: reg 0x20: [mem 0x92a80000-0x92a87fff]
[    0.241516] pci 0000:01:00.2: reg 0x24: [mem 0x92800000-0x928fffff]
[    0.241527] pci 0000:01:00.2: reg 0x30: [mem 0x00000000-0x0000ffff pref]
[    0.241582] pci 0000:01:00.2: PME# supported from D0 D3hot D3cold
[    0.241643] pci 0000:01:00.4: [103c:3300] type 00 class 0x0c0300
[    0.241700] pci 0000:01:00.4: reg 0x20: [io  0x1300-0x131f]
[    0.241823] pci 0000:00:1d.0: PCI bridge to [bus 01]
[    0.241826] pci 0000:00:1d.0:   bridge window [io  0x1000-0x1fff]
[    0.241828] pci 0000:00:1d.0:   bridge window [mem 0x90000000-0x92afffff]
[    0.241889] pci 0000:02:00.0: [14e4:165f] type 00 class 0x020000
[    0.241914] pci 0000:02:00.0: reg 0x10: [mem 0x92b30000-0x92b3ffff 64bit pref]
[    0.241928] pci 0000:02:00.0: reg 0x18: [mem 0x92b40000-0x92b4ffff 64bit pref]
[    0.241942] pci 0000:02:00.0: reg 0x20: [mem 0x92b50000-0x92b5ffff 64bit pref]
[    0.241952] pci 0000:02:00.0: reg 0x30: [mem 0x00000000-0x0003ffff pref]
[    0.242027] pci 0000:02:00.0: PME# supported from D0 D3hot D3cold
[    0.242120] pci 0000:02:00.1: [14e4:165f] type 00 class 0x020000
[    0.242144] pci 0000:02:00.1: reg 0x10: [mem 0x92b00000-0x92b0ffff 64bit pref]
[    0.242159] pci 0000:02:00.1: reg 0x18: [mem 0x92b10000-0x92b1ffff 64bit pref]
[    0.242173] pci 0000:02:00.1: reg 0x20: [mem 0x92b20000-0x92b2ffff 64bit pref]
[    0.242183] pci 0000:02:00.1: reg 0x30: [mem 0x00000000-0x0003ffff pref]
[    0.242260] pci 0000:02:00.1: PME# supported from D0 D3hot D3cold
[    0.242345] pci 0000:00:1d.2: PCI bridge to [bus 02]
[    0.242351] pci 0000:00:1d.2:   bridge window [mem 0x92b00000-0x92bfffff 64bit pref]
[    0.242360] pci_bus 0000:00: on NUMA node 0
[    0.242480] ACPI: PCI Interrupt Link [LNKA] (IRQs 3 4 5 6 10 *11 12 14 15)
[    0.242535] ACPI: PCI Interrupt Link [LNKB] (IRQs 3 4 5 6 *10 11 12 14 15)
[    0.242582] ACPI: PCI Interrupt Link [LNKC] (IRQs 3 4 5 6 10 *11 12 14 15)
[    0.242629] ACPI: PCI Interrupt Link [LNKD] (IRQs 3 4 5 6 10 *11 12 14 15)
[    0.242676] ACPI: PCI Interrupt Link [LNKE] (IRQs 3 4 5 6 10 *11 12 14 15)
[    0.242723] ACPI: PCI Interrupt Link [LNKF] (IRQs 3 4 5 6 10 *11 12 14 15)
[    0.242770] ACPI: PCI Interrupt Link [LNKG] (IRQs 3 4 5 6 10 *11 12 14 15)
[    0.242809] ACPI: PCI Interrupt Link [LNKH] (IRQs 3 4 5 6 10 *11 12 14 15)
[    0.243098] vgaarb: device added: PCI:0000:01:00.1,decodes=io+mem,owns=io+mem,locks=none
[    0.243099] vgaarb: loaded
[    0.243100] vgaarb: bridge control possible 0000:01:00.1
[    0.243144] SCSI subsystem initialized
[    0.243164] ACPI: bus type USB registered
[    0.243174] usbcore: registered new interface driver usbfs
[    0.243180] usbcore: registered new interface driver hub
[    0.243196] usbcore: registered new device driver usb
[    0.243242] EDAC MC: Ver: 3.0.0
[    0.243341] PCI: Using ACPI for IRQ routing
[    0.271865] PCI: pci_cache_line_size set to 64 bytes
[    0.271905] Expanded resource reserved due to conflict with PCI Bus 0000:00
[    0.271907] e820: reserve RAM buffer [mem 0x00094000-0x0009ffff]
[    0.271908] e820: reserve RAM buffer [mem 0x7745d000-0x77ffffff]
[    0.271909] e820: reserve RAM buffer [mem 0x7a6df000-0x7bffffff]
[    0.271978] NetLabel: Initializing
[    0.271979] NetLabel:  domain hash size = 128
[    0.271980] NetLabel:  protocols = UNLABELED CIPSOv4
[    0.271989] NetLabel:  unlabeled traffic allowed by default
[    0.272062] hpet0: at MMIO 0xfed00000, IRQs 2, 8, 0, 0, 0, 0, 0, 0
[    0.272066] hpet0: 8 comparators, 64-bit 24.000000 MHz counter
[    0.274101] amd_nb: Cannot enumerate AMD northbridges
[    0.274154] Switched to clocksource hpet
[    0.277238] pnp: PnP ACPI init
[    0.277244] ACPI: bus type PNP registered
[    0.277491] system 00:00: [io  0xffff] has been reserved
[    0.277493] system 00:00: [io  0xffff] has been reserved
[    0.277495] system 00:00: [io  0xffff] has been reserved
[    0.277497] system 00:00: [io  0x0400-0x04fe] has been reserved
[    0.277499] system 00:00: Plug and Play ACPI device, IDs PNP0c02 (active)
[    0.277539] pnp 00:01: Plug and Play ACPI device, IDs PNP0b00 (active)
[    0.277561] system 00:02: [io  0x0454-0x0457] has been reserved
[    0.277563] system 00:02: Plug and Play ACPI device, IDs INT3f0d PNP0c02 (active)
[    0.277592] pnp 00:03: Plug and Play ACPI device, IDs PNP0501 (active)
[    0.277629] pnp: PnP ACPI: found 4 devices
[    0.277630] ACPI: bus type PNP unregistered
[    0.284040] pci 0000:00:1d.2: BAR 14: assigned [mem 0xfe800000-0xfe8fffff]
[    0.284043] pci 0000:01:00.2: BAR 6: no space for [mem size 0x00010000 pref]
[    0.284045] pci 0000:01:00.2: BAR 6: failed to assign [mem size 0x00010000 pref]
[    0.284046] pci 0000:00:1d.0: PCI bridge to [bus 01]
[    0.284054] pci 0000:00:1d.0:   bridge window [io  0x1000-0x1fff]
[    0.284057] pci 0000:00:1d.0:   bridge window [mem 0x90000000-0x92afffff]
[    0.284062] pci 0000:02:00.0: BAR 6: assigned [mem 0xfe800000-0xfe83ffff pref]
[    0.284064] pci 0000:02:00.1: BAR 6: assigned [mem 0xfe840000-0xfe87ffff pref]
[    0.284066] pci 0000:00:1d.2: PCI bridge to [bus 02]
[    0.284072] pci 0000:00:1d.2:   bridge window [mem 0xfe800000-0xfe8fffff]
[    0.284075] pci 0000:00:1d.2:   bridge window [mem 0x92b00000-0x92bfffff 64bit pref]
[    0.284079] pci_bus 0000:00: resource 4 [io  0x0000-0x0cf7 window]
[    0.284080] pci_bus 0000:00: resource 5 [io  0x0d00-0xffff window]
[    0.284082] pci_bus 0000:00: resource 6 [mem 0x000a0000-0x000bffff window]
[    0.284083] pci_bus 0000:00: resource 7 [mem 0x000c0000-0x000c3fff window]
[    0.284084] pci_bus 0000:00: resource 8 [mem 0x000c4000-0x000c7fff window]
[    0.284086] pci_bus 0000:00: resource 9 [mem 0x000c8000-0x000cbfff window]
[    0.284087] pci_bus 0000:00: resource 10 [mem 0x000cc000-0x000cffff window]
[    0.284088] pci_bus 0000:00: resource 11 [mem 0x000d0000-0x000d3fff window]
[    0.284089] pci_bus 0000:00: resource 12 [mem 0x000d4000-0x000d7fff window]
[    0.284091] pci_bus 0000:00: resource 13 [mem 0x000d8000-0x000dbfff window]
[    0.284092] pci_bus 0000:00: resource 14 [mem 0x000dc000-0x000dffff window]
[    0.284093] pci_bus 0000:00: resource 15 [mem 0x000e0000-0x000e3fff window]
[    0.284094] pci_bus 0000:00: resource 16 [mem 0x000e4000-0x000e7fff window]
[    0.284095] pci_bus 0000:00: resource 17 [mem 0x000e8000-0x000ebfff window]
[    0.284097] pci_bus 0000:00: resource 18 [mem 0x000ec000-0x000effff window]
[    0.284098] pci_bus 0000:00: resource 19 [mem 0x000f0000-0x000fffff window]
[    0.284099] pci_bus 0000:00: resource 20 [mem 0x80000000-0xfeafffff window]
[    0.284100] pci_bus 0000:00: resource 21 [mem 0x2000000000-0x2fffffffff window]
[    0.284102] pci_bus 0000:01: resource 0 [io  0x1000-0x1fff]
[    0.284103] pci_bus 0000:01: resource 1 [mem 0x90000000-0x92afffff]
[    0.284104] pci_bus 0000:02: resource 1 [mem 0xfe800000-0xfe8fffff]
[    0.284106] pci_bus 0000:02: resource 2 [mem 0x92b00000-0x92bfffff 64bit pref]
[    0.284123] NET: Registered protocol family 2
[    0.284284] TCP established hash table entries: 131072 (order: 8, 1048576 bytes)
[    0.284464] TCP bind hash table entries: 65536 (order: 8, 1048576 bytes)
[    0.284600] TCP: Hash tables configured (established 131072 bind 65536)
[    0.284613] TCP: reno registered
[    0.284625] UDP hash table entries: 8192 (order: 6, 262144 bytes)
[    0.284668] UDP-Lite hash table entries: 8192 (order: 6, 262144 bytes)
[    0.284727] NET: Registered protocol family 1
[    0.388125] pci 0000:01:00.1: Boot video device
[    0.388322] PCI: CLS 64 bytes, default 64
[    0.388350] Unpacking initramfs...
[    0.593066] Freeing initrd memory: 21112k freed
[    0.594885] PCI-DMA: Using software bounce buffering for IO (SWIOTLB)
[    0.594888] software IO TLB [mem 0x7345d000-0x7745d000] (64MB) mapped at [ffff96117345d000-ffff96117745cfff]
[    0.594920] RAPL PMU: API unit is 2^-32 Joules, 5 fixed counters, 655360 ms ovfl timer
[    0.594921] RAPL PMU: hw unit of domain pp0-core 2^-14 Joules
[    0.594921] RAPL PMU: hw unit of domain package 2^-14 Joules
[    0.594922] RAPL PMU: hw unit of domain dram 2^-14 Joules
[    0.594923] RAPL PMU: hw unit of domain pp1-gpu 2^-14 Joules
[    0.594924] RAPL PMU: hw unit of domain psys 2^-14 Joules
[    0.595834] sha1_ssse3: Using AVX2 optimized SHA-1 implementation
[    0.595891] sha256_ssse3: Using AVX2 optimized SHA-256 implementation
[    0.596196] futex hash table entries: 2048 (order: 5, 131072 bytes)
[    0.596230] Initialise system trusted keyring
[    0.596244] audit: initializing netlink socket (disabled)
[    0.596254] type=2000 audit(1636077325.575:1): initialized
[    0.615968] HugeTLB registered 1 GB page size, pre-allocated 0 pages
[    0.615970] HugeTLB registered 2 MB page size, pre-allocated 0 pages
[    0.616860] zpool: loaded
[    0.616862] zbud: loaded
[    0.617079] VFS: Disk quotas dquot_6.5.2
[    0.617097] Dquot-cache hash table entries: 512 (order 0, 4096 bytes)
[    0.617254] msgmni has been set to 31586
[    0.617285] Key type big_key registered
[    0.617286] SELinux:  Registering netfilter hooks
[    0.618173] NET: Registered protocol family 38
[    0.618177] Key type asymmetric registered
[    0.618178] Asymmetric key parser 'x509' registered
[    0.618197] Block layer SCSI generic (bsg) driver version 0.4 loaded (major 248)
[    0.618259] io scheduler noop registered
[    0.618261] io scheduler deadline registered (default)
[    0.618276] io scheduler cfq registered
[    0.618278] io scheduler mq-deadline registered
[    0.618280] io scheduler kyber registered
[    0.618390] pcieport 0000:00:1d.0: irq 24 for MSI/MSI-X
[    0.618551] pcieport 0000:00:1d.2: irq 25 for MSI/MSI-X
[    0.618621] pcieport 0000:00:1d.0: Signaling PME through PCIe PME interrupt
[    0.618622] pci 0000:01:00.0: Signaling PME through PCIe PME interrupt
[    0.618623] pci 0000:01:00.1: Signaling PME through PCIe PME interrupt
[    0.618624] pci 0000:01:00.2: Signaling PME through PCIe PME interrupt
[    0.618625] pci 0000:01:00.4: Signaling PME through PCIe PME interrupt
[    0.618631] pcie_pme 0000:00:1d.0:pcie001: service driver pcie_pme loaded
[    0.618642] pcieport 0000:00:1d.2: Signaling PME through PCIe PME interrupt
[    0.618643] pci 0000:02:00.0: Signaling PME through PCIe PME interrupt
[    0.618644] pci 0000:02:00.1: Signaling PME through PCIe PME interrupt
[    0.618650] pcie_pme 0000:00:1d.2:pcie001: service driver pcie_pme loaded
[    0.618659] pci_hotplug: PCI Hot Plug PCI Core version: 0.5
[    0.618664] pciehp: PCI Express Hot Plug Controller Driver version: 0.4
[    0.618711] intel_idle: MWAIT substates: 0x142120
[    0.618712] intel_idle: v0.4.1 model 0x5E
[    0.618785] intel_idle: lapic_timer_reliable_states 0xffffffff
[    0.618835] input: Power Button as /devices/LNXSYSTM:00/LNXPWRBN:00/input/input0
[    0.618837] ACPI: Power Button [PWRF]
[    0.619360] ERST: Error Record Serialization Table (ERST) support is initialized.
[    0.619363] pstore: Registered erst as persistent store backend
[    0.619640] GHES: APEI firmware first mode is enabled by APEI bit and WHEA _OSC.
[    0.619693] Serial: 8250/16550 driver, 4 ports, IRQ sharing enabled
[    0.640412] 00:03: ttyS0 at I/O 0x3f8 (irq = 4) is a 16550A
[    0.640829] Non-volatile memory driver v1.3
[    0.640863] Linux agpgart interface v0.103
[    0.640937] crash memory driver: version 1.1
[    0.640999] rdac: device handler registered
[    0.641048] hp_sw: device handler registered
[    0.641051] emc: device handler registered
[    0.641075] alua: device handler registered
[    0.641104] libphy: Fixed MDIO Bus: probed
[    0.641169] ehci_hcd: USB 2.0 'Enhanced' Host Controller (EHCI) Driver
[    0.641172] ehci-pci: EHCI PCI platform driver
[    0.641181] ohci_hcd: USB 1.1 'Open' Host Controller (OHCI) Driver
[    0.641188] ohci-pci: OHCI PCI platform driver
[    0.641196] uhci_hcd: USB Universal Host Controller Interface driver
[    0.641262] uhci_hcd 0000:01:00.4: UHCI Host Controller
[    0.641309] uhci_hcd 0000:01:00.4: new USB bus registered, assigned bus number 1
[    0.641326] uhci_hcd 0000:01:00.4: detected 8 ports
[    0.641327] uhci_hcd 0000:01:00.4: port count misdetected? forcing to 2 ports
[    0.641361] uhci_hcd 0000:01:00.4: irq 17, io base 0x00001300
[    0.641407] usb usb1: New USB device found, idVendor=1d6b, idProduct=0001
[    0.641408] usb usb1: New USB device strings: Mfr=3, Product=2, SerialNumber=1
[    0.641410] usb usb1: Product: UHCI Host Controller
[    0.641411] usb usb1: Manufacturer: Linux 3.10.0-862.el7.x86_64 uhci_hcd
[    0.641413] usb usb1: SerialNumber: 0000:01:00.4
[    0.641495] hub 1-0:1.0: USB hub found
[    0.641499] hub 1-0:1.0: 2 ports detected
[    0.641694] xhci_hcd 0000:00:14.0: xHCI Host Controller
[    0.641732] xhci_hcd 0000:00:14.0: new USB bus registered, assigned bus number 2
[    0.642851] xhci_hcd 0000:00:14.0: hcc params 0x200077c1 hci version 0x100 quirks 0x00109810
[    0.642856] xhci_hcd 0000:00:14.0: cache line size of 64 is not supported
[    0.642868] xhci_hcd 0000:00:14.0: irq 26 for MSI/MSI-X
[    0.642914] usb usb2: New USB device found, idVendor=1d6b, idProduct=0002
[    0.642916] usb usb2: New USB device strings: Mfr=3, Product=2, SerialNumber=1
[    0.642917] usb usb2: Product: xHCI Host Controller
[    0.642919] usb usb2: Manufacturer: Linux 3.10.0-862.el7.x86_64 xhci-hcd
[    0.642920] usb usb2: SerialNumber: 0000:00:14.0
[    0.643003] hub 2-0:1.0: USB hub found
[    0.643025] hub 2-0:1.0: 12 ports detected
[    0.643442] xhci_hcd 0000:00:14.0: xHCI Host Controller
[    0.643480] xhci_hcd 0000:00:14.0: new USB bus registered, assigned bus number 3
[    0.643512] usb usb3: New USB device found, idVendor=1d6b, idProduct=0003
[    0.643513] usb usb3: New USB device strings: Mfr=3, Product=2, SerialNumber=1
[    0.643515] usb usb3: Product: xHCI Host Controller
[    0.643516] usb usb3: Manufacturer: Linux 3.10.0-862.el7.x86_64 xhci-hcd
[    0.643517] usb usb3: SerialNumber: 0000:00:14.0
[    0.643595] hub 3-0:1.0: USB hub found
[    0.643614] hub 3-0:1.0: 6 ports detected
[    0.643861] usbcore: registered new interface driver usbserial
[    0.643866] usbcore: registered new interface driver usbserial_generic
[    0.643871] usbserial: USB Serial support registered for generic
[    0.643889] i8042: PNP: No PS/2 controller found. Probing ports directly.
[    0.646170] serio: i8042 KBD port at 0x60,0x64 irq 1
[    0.646173] serio: i8042 AUX port at 0x60,0x64 irq 12
[    0.646247] mousedev: PS/2 mouse device common for all mice
[    0.646376] rtc_cmos 00:01: RTC can wake from S4
[    0.646719] rtc_cmos 00:01: rtc core: registered rtc_cmos as rtc0
[    0.646823] rtc_cmos 00:01: alarms up to one month, y3k, 242 bytes nvram, hpet irqs
[    0.647023] cpuidle: using governor menu
[    0.647328] hidraw: raw HID events driver (C) Jiri Kosina
[    0.647405] usbcore: registered new interface driver usbhid
[    0.647406] usbhid: USB HID core driver
[    0.647432] Error parsing PCC subspaces from PCCT
[    0.647574] drop_monitor: Initializing network drop monitor service
[    0.647619] TCP: cubic registered
[    0.647621] Initializing XFRM netlink socket
[    0.647696] NET: Registered protocol family 10
[    0.647851] NET: Registered protocol family 17
[    0.647855] mpls_gso: MPLS GSO support
[    0.648049] microcode: CPU0 sig=0x506e3, pf=0x2, revision=0xba
[    0.648071] microcode: CPU1 sig=0x506e3, pf=0x2, revision=0xba
[    0.648082] microcode: CPU2 sig=0x506e3, pf=0x2, revision=0xba
[    0.648093] microcode: CPU3 sig=0x506e3, pf=0x2, revision=0xba
[    0.648103] microcode: CPU4 sig=0x506e3, pf=0x2, revision=0xba
[    0.648113] microcode: CPU5 sig=0x506e3, pf=0x2, revision=0xba
[    0.648123] microcode: CPU6 sig=0x506e3, pf=0x2, revision=0xba
[    0.648152] microcode: CPU7 sig=0x506e3, pf=0x2, revision=0xba
[    0.648194] microcode: Microcode Update Driver: v2.01 <tigran@aivazian.fsnet.co.uk>, Peter Oruba
[    0.648343] PM: Hibernation image not present or could not be loaded.
[    0.648346] Loading compiled-in X.509 certificates
[    0.648361] Loaded X.509 cert 'CentOS Linux kpatch signing key: ea0413152cde1d98ebdca3fe6f0230904c9ef717'
[    0.648372] Loaded X.509 cert 'CentOS Linux Driver update signing key: 7f421ee0ab69461574bb358861dbe77762a4201b'
[    0.648703] Loaded X.509 cert 'CentOS Linux kernel signing key: 3af3ce8a74696ef1bd0f37e552627b7109e32b96'
[    0.648714] registered taskstats version 1
[    0.650464] Key type trusted registered
[    0.652079] Key type encrypted registered
[    0.652098] IMA: No TPM chip found, activating TPM-bypass! (rc=-19)
[    0.652553]   Magic number: 13:399:912
[    0.652721] rtc_cmos 00:01: setting system clock to 2021-11-05 01:55:26 UTC (1636077326)
[    0.653431] Freeing unused kernel memory: 1832k freed
[    0.653565] Write protecting the kernel read-only data: 12288k
[    0.654956] Freeing unused kernel memory: 856k freed
[    0.656028] Freeing unused kernel memory: 684k freed
[    0.658710] random: systemd: uninitialized urandom read (16 bytes read)
[    0.658899] random: systemd: uninitialized urandom read (16 bytes read)
[    0.658908] random: systemd: uninitialized urandom read (16 bytes read)
[    0.659765] systemd[1]: systemd 219 running in system mode. (+PAM +AUDIT +SELINUX +IMA -APPARMOR +SMACK +SYSVINIT +UTMP +LIBCRYPTSETUP +GCRYPT +GNUTLS +ACL +XZ +LZ4 -SECCOMP +BLKID +ELFUTILS +KMOD +IDN)
[    0.659971] systemd[1]: Detected architecture x86-64.
[    0.659974] systemd[1]: Running in initial RAM disk.
[    0.659989] systemd[1]: Set hostname to <localhost.localdomain>.
[    0.679956] random: systemd: uninitialized urandom read (16 bytes read)
[    0.679971] random: systemd: uninitialized urandom read (16 bytes read)
[    0.679993] random: systemd: uninitialized urandom read (16 bytes read)
[    0.680036] random: systemd: uninitialized urandom read (16 bytes read)
[    0.680473] random: systemd: uninitialized urandom read (16 bytes read)
[    0.680569] random: systemd: uninitialized urandom read (16 bytes read)
[    0.680764] random: systemd: uninitialized urandom read (16 bytes read)
[    0.683621] systemd[1]: Reached target Timers.
[    0.683628] systemd[1]: Starting Timers.
[    0.683671] systemd[1]: Reached target Swap.
[    0.683675] systemd[1]: Starting Swap.
[    0.683717] systemd[1]: Reached target Local File Systems.
[    0.683721] systemd[1]: Starting Local File Systems.
[    0.683913] systemd[1]: Created slice Root Slice.
[    0.683917] systemd[1]: Starting Root Slice.
[    0.683991] systemd[1]: Listening on udev Control Socket.
[    0.683996] systemd[1]: Starting udev Control Socket.
[    0.684072] systemd[1]: Listening on Journal Socket.
[    0.684078] systemd[1]: Starting Journal Socket.
[    0.684147] systemd[1]: Listening on udev Kernel Socket.
[    0.684152] systemd[1]: Starting udev Kernel Socket.
[    0.684270] systemd[1]: Created slice System Slice.
[    0.684276] systemd[1]: Starting System Slice.
[    0.684649] systemd[1]: Starting Journal Service...
[    0.684993] systemd[1]: Starting Setup Virtual Console...
[    0.685029] systemd[1]: Reached target Slices.
[    0.685038] systemd[1]: Starting Slices.
[    0.685083] systemd[1]: Reached target Sockets.
[    0.685087] systemd[1]: Starting Sockets.
[    0.685509] systemd[1]: Starting Create list of required static device nodes for the current kernel...
[    0.685973] systemd[1]: Starting Apply Kernel Variables...
[    0.686594] systemd[1]: Starting dracut cmdline hook...
[    0.687042] systemd[1]: Started Create list of required static device nodes for the current kernel.
[    0.687824] systemd[1]: Starting Create Static Device Nodes in /dev...
[    0.688293] systemd[1]: Started Apply Kernel Variables.
[    0.689654] systemd[1]: Started Create Static Device Nodes in /dev.
[    0.718816] systemd[1]: Started Journal Service.
[    0.814007] device-mapper: uevent: version 1.0.3
[    0.814116] device-mapper: ioctl: 4.37.0-ioctl (2017-09-20) initialised: dm-devel@redhat.com
[    0.911665] pps_core: LinuxPPS API ver. 1 registered
[    0.911674] pps_core: Software ver. 5.3.6 - Copyright 2005-2007 Rodolfo Giometti <giometti@linux.it>
[    0.918599] PTP clock support registered
[    0.974030] libata version 3.00 loaded.
[    0.977550] tg3.c:v3.137 (May 11, 2014)
[    0.997182] usb 2-3: new high-speed USB device number 2 using xhci_hcd
[    1.013380] ahci 0000:00:17.0: version 3.0
[    1.013548] ahci 0000:00:17.0: irq 27 for MSI/MSI-X
[    1.024324] ahci 0000:00:17.0: AHCI 0001.0301 32 slots 6 ports 6 Gbps 0x3f impl SATA mode
[    1.024327] ahci 0000:00:17.0: flags: 64bit ncq sntf pm led clo only pio slum part ems deso sadm sds apst 
[    1.034835] scsi host0: ahci
[    1.035146] scsi host1: ahci
[    1.035530] scsi host2: ahci
[    1.035887] scsi host3: ahci
[    1.036080] scsi host4: ahci
[    1.036462] scsi host5: ahci
[    1.036597] ata1: SATA max UDMA/133 abar m524288@0x92c00000 port 0x92c00100 irq 27
[    1.036606] ata2: SATA max UDMA/133 abar m524288@0x92c00000 port 0x92c00180 irq 27
[    1.036611] ata3: SATA max UDMA/133 abar m524288@0x92c00000 port 0x92c00200 irq 27
[    1.036617] ata4: SATA max UDMA/133 abar m524288@0x92c00000 port 0x92c00280 irq 27
[    1.036625] ata5: SATA max UDMA/133 abar m524288@0x92c00000 port 0x92c00300 irq 27
[    1.036634] ata6: SATA max UDMA/133 abar m524288@0x92c00000 port 0x92c00380 irq 27
[    1.039619] tg3 0000:02:00.0 eth0: Tigon3 [partno(N/A) rev 5720000] (PCI Express) MAC address ec:eb:b8:5d:3d:70
[    1.039621] tg3 0000:02:00.0 eth0: attached PHY is 5720C (10/100/1000Base-T Ethernet) (WireSpeed[1], EEE[1])
[    1.039623] tg3 0000:02:00.0 eth0: RXcsums[1] LinkChgREG[0] MIirq[0] ASF[1] TSOcap[1]
[    1.039624] tg3 0000:02:00.0 eth0: dma_rwctrl[00000001] dma_mask[64-bit]
[    1.045853] [TTM] Zone  kernel: Available graphics memory: 8087820 kiB
[    1.045854] [TTM] Zone   dma32: Available graphics memory: 2097152 kiB
[    1.045855] [TTM] Initializing pool allocator
[    1.045858] [TTM] Initializing DMA pool allocator
[    1.080546] tg3 0000:02:00.1 eth1: Tigon3 [partno(N/A) rev 5720000] (PCI Express) MAC address ec:eb:b8:5d:3d:71
[    1.080548] tg3 0000:02:00.1 eth1: attached PHY is 5720C (10/100/1000Base-T Ethernet) (WireSpeed[1], EEE[1])
[    1.080550] tg3 0000:02:00.1 eth1: RXcsums[1] LinkChgREG[0] MIirq[0] ASF[1] TSOcap[1]
[    1.080551] tg3 0000:02:00.1 eth1: dma_rwctrl[00000001] dma_mask[64-bit]
[    1.082427] fbcon: mgadrmfb (fb0) is primary device
[    1.161322] usb 2-3: New USB device found, idVendor=0424, idProduct=2660
[    1.161324] usb 2-3: New USB device strings: Mfr=0, Product=0, SerialNumber=0
[    1.161674] hub 2-3:1.0: USB hub found
[    1.161715] hub 2-3:1.0: 2 ports detected
[    1.241750] Console: switching to colour frame buffer device 128x48
[    1.273498] mgag200 0000:01:00.1: fb0: mgadrmfb frame buffer device
[    1.278663] [drm] Initialized mgag200 1.0.0 20110418 for 0000:01:00.1 on minor 0
[    1.316201] usb 2-5: new high-speed USB device number 3 using xhci_hcd
[    1.342194] ata5: SATA link down (SStatus 4 SControl 300)
[    1.342217] ata4: SATA link down (SStatus 4 SControl 300)
[    1.343212] ata2: SATA link down (SStatus 4 SControl 300)
[    1.343267] ata3: SATA link down (SStatus 4 SControl 300)
[    1.343340] ata1: SATA link up 6.0 Gbps (SStatus 133 SControl 300)
[    1.344226] ata6: SATA link down (SStatus 4 SControl 300)
[    1.344320] ata1.00: ATA-8: ST1000DM010-2EP102, CC43, max UDMA/133
[    1.344323] ata1.00: 1953525168 sectors, multi 0: LBA48 NCQ (depth 31/32), AA
[    1.345380] ata1.00: configured for UDMA/133
[    1.345568] scsi 0:0:0:0: Direct-Access     ATA      ST1000DM010-2EP1 CC43 PQ: 0 ANSI: 5
[    1.371642] sd 0:0:0:0: [sda] 1953525168 512-byte logical blocks: (1.00 TB/931 GiB)
[    1.371645] sd 0:0:0:0: [sda] 4096-byte physical blocks
[    1.371813] sd 0:0:0:0: [sda] Write Protect is off
[    1.371818] sd 0:0:0:0: [sda] Mode Sense: 00 3a 00 00
[    1.371889] sd 0:0:0:0: [sda] Write cache: disabled, read cache: enabled, doesn't support DPO or FUA
[    1.378270]  sda: sda1 sda2
[    1.378928] sd 0:0:0:0: [sda] Attached SCSI disk
[    1.481406] usb 2-5: New USB device found, idVendor=0409, idProduct=0059
[    1.481413] usb 2-5: New USB device strings: Mfr=0, Product=0, SerialNumber=0
[    1.481898] hub 2-5:1.0: USB hub found
[    1.481933] hub 2-5:1.0: 4 ports detected
[    1.554199] usb 2-3.1: new high-speed USB device number 4 using xhci_hcd
[    1.596269] tsc: Refined TSC clocksource calibration: 3408.021 MHz
[    1.596369] Switched to clocksource tsc
[    1.645367] usb 2-3.1: New USB device found, idVendor=0424, idProduct=4030
[    1.645377] usb 2-3.1: New USB device strings: Mfr=1, Product=2, SerialNumber=3
[    1.645384] usb 2-3.1: Product: Ultra Fast Media Reader
[    1.645391] usb 2-3.1: Manufacturer: Generic
[    1.645396] usb 2-3.1: SerialNumber: 000002660A01
[    1.791216] usb 2-6: new full-speed USB device number 5 using xhci_hcd
[    1.955790] usb 2-6: New USB device found, idVendor=0557, idProduct=7000
[    1.955800] usb 2-6: New USB device strings: Mfr=0, Product=0, SerialNumber=0
[    1.956811] hub 2-6:1.0: USB hub found
[    1.956943] hub 2-6:1.0: 4 ports detected
[    2.064072] usb-storage 2-3.1:1.0: USB Mass Storage device detected
[    2.064318] scsi host6: usb-storage 2-3.1:1.0
[    2.064514] usbcore: registered new interface driver usb-storage
[    2.071227] usbcore: registered new interface driver uas
[    2.219205] usb 2-6.1: new low-speed USB device number 6 using xhci_hcd
[    2.327134] random: fast init done
[    2.346922] usb 2-6.1: New USB device found, idVendor=0557, idProduct=2238
[    2.346933] usb 2-6.1: New USB device strings: Mfr=1, Product=2, SerialNumber=0
[    2.346940] usb 2-6.1: Product: CS-1774 V1.1.105
[    2.346946] usb 2-6.1: Manufacturer: ATEN Advance Tech Inc.
[    2.363095] input: ATEN Advance Tech Inc. CS-1774 V1.1.105 as /devices/pci0000:00/0000:00:14.0/usb2/2-6/2-6.1/2-6.1:1.0/input/input1
[    2.413843] hid-generic 0003:0557:2238.0001: input,hidraw0: USB HID v1.00 Keyboard [ATEN Advance Tech Inc. CS-1774 V1.1.105] on usb-0000:00:14.0-6.1/input0
[    2.425986] input: ATEN Advance Tech Inc. CS-1774 V1.1.105 as /devices/pci0000:00/0000:00:14.0/usb2/2-6/2-6.1/2-6.1:1.1/input/input2
[    2.426354] hid-generic 0003:0557:2238.0002: input,hidraw1: USB HID v1.00 Mouse [ATEN Advance Tech Inc. CS-1774 V1.1.105] on usb-0000:00:14.0-6.1/input1
[    2.649794] SGI XFS with ACLs, security attributes, no debug enabled
[    2.651263] XFS (dm-0): Mounting V5 Filesystem
[    2.776030] XFS (dm-0): Ending clean mount
[    3.067692] scsi 6:0:0:0: Direct-Access     HP iLO   LUN 00 Media 0   2.10 PQ: 0 ANSI: 0
[    3.068922] sd 6:0:0:0: [sdb] 1048576 512-byte logical blocks: (536 MB/512 MiB)
[    3.069612] sd 6:0:0:0: [sdb] Write Protect is on
[    3.069625] sd 6:0:0:0: [sdb] Mode Sense: 23 00 80 00
[    3.070344] sd 6:0:0:0: [sdb] No Caching mode page found
[    3.070460] sd 6:0:0:0: [sdb] Assuming drive cache: write through
[    3.074236]  sdb: sdb1
[    3.076941] sd 6:0:0:0: [sdb] Attached SCSI disk
[    3.117272] random: crng init done
[    3.557914] systemd-journald[120]: Received SIGTERM from PID 1 (systemd).
[    3.971623] SELinux: 2048 avtab hash slots, 106462 rules.
[    4.122110] SELinux: 2048 avtab hash slots, 106462 rules.
[    4.151599] SELinux:  8 users, 14 roles, 5009 types, 310 bools, 1 sens, 1024 cats
[    4.151601] SELinux:  97 classes, 106462 rules
[    4.154260] SELinux:  Completing initialization.
[    4.154261] SELinux:  Setting up existing superblocks.
[    4.161289] type=1403 audit(1636077330.007:2): policy loaded auid=4294967295 ses=4294967295
[    4.164243] systemd[1]: Successfully loaded SELinux policy in 252.231ms.
[    4.494455] ip_tables: (C) 2000-2006 Netfilter Core Team
[    4.494576] systemd[1]: Inserted module 'ip_tables'
[    4.556474] systemd[1]: Relabelled /dev and /run in 57.404ms.
[    6.190754] systemd-journald[543]: Received request to flush runtime journal from PID 1
[    7.519118] cryptd: max_cpu_qlen set to 100
[    7.535810] input: PC Speaker as /devices/platform/pcspkr/input/input3
[    7.569718] AVX2 version of gcm_enc/dec engaged.
[    7.569721] AES CTR mode by8 optimization enabled
[    7.590566] alg: No test for __gcm-aes-aesni (__driver-gcm-aes-aesni)
[    7.590612] alg: No test for __generic-gcm-aes-aesni (__driver-generic-gcm-aes-aesni)
[    7.603820] pcc-cpufreq: (v1.10.00) driver loaded with frequency limits: 800 MHz, 3400 MHz
[    7.619154] i801_smbus 0000:00:1f.4: SMBus using PCI interrupt
[    7.653163] mei_me 0000:00:16.0: Device doesn't have valid ME Interface
[    7.655854] power_meter ACPI000D:00: Found ACPI power meter.
[    7.655868] power_meter ACPI000D:00: Ignoring unsafe software power cap!
[    7.699940] sd 0:0:0:0: Attached scsi generic sg0 type 0
[    7.699997] sd 6:0:0:0: Attached scsi generic sg1 type 0
[    7.702154] EDAC MC0: Giving out device to 'ie31200_edac' 'IE31200': DEV 0000:00:00.0
[    7.702834] ipmi message handler version 39.2
[    7.705189] ipmi device interface
[    7.711057] ipmi_si IPI0001:00: ipmi_si: probing via ACPI
[    7.711071] ipmi_si IPI0001:00: [io  0x0ca2-0x0ca3] regsize 1 spacing 1 irq 0
[    7.711072] ipmi_si: Adding ACPI-specified kcs state machine
[    7.711083] IPMI System Interface driver.
[    7.711093] ipmi_si: probing via SMBIOS
[    7.711095] ipmi_si: SMBIOS: io 0xca2 regsize 1 spacing 1 irq 0
[    7.711096] (NULL device *): SMBIOS-specified kcs state machine: duplicate
[    7.711097] ipmi_si: probing via SPMI
[    7.711098] ipmi_si: SPMI: io 0xca3 regsize 1 spacing 1 irq 0
[    7.711098] ipmi_si: Adding SPMI-specified kcs state machine
[    7.711100] ipmi_si: Trying ACPI-specified kcs state machine at i/o address 0xca2, slave address 0x20, irq 0
[    7.809308] ipmi_si IPI0001:00: Found new BMC (man_id: 0x00000b, prod_id: 0x2000, dev_id: 0x13)
[    7.809384] ipmi_si IPI0001:00: IPMI kcs interface initialized
[    7.822602] iTCO_vendor_support: vendor-support=0
[    7.852500] iTCO_wdt: Intel TCO WatchDog Timer Driver v1.11
[    7.852536] iTCO_wdt: unable to reset NO_REBOOT flag, device disabled by hardware/BIOS
[    7.853008] IPMI SSIF Interface driver
[    7.910619] shpchp: Standard Hot Plug PCI Controller Driver version: 0.4
[    7.932800] hpwdt 0000:01:00.0: HPE Watchdog Timer Driver: NMI decoding initialized, allow kernel dump: ON (default = 1/ON)
[    7.932867] hpwdt 0000:01:00.0: HPE Watchdog Timer Driver: 1.4.0, timer margin: 30 seconds (nowayout=0).
[    8.258409] intel_rapl: Found RAPL domain package
[    8.258412] intel_rapl: Found RAPL domain core
[    8.258416] intel_rapl: Found RAPL domain dram
[    9.232915] Adding 8191996k swap on /dev/mapper/centos-swap.  Priority:-1 extents:1 across:8191996k FS
[    9.564868] XFS (sda1): Mounting V5 Filesystem
[   10.019163] XFS (sda1): Ending clean mount
[   10.313547] type=1305 audit(1636077336.159:3): audit_pid=708 old=0 auid=4294967295 ses=4294967295 subj=system_u:system_r:auditd_t:s0 res=1
